current directory: /home/rintu/Downloads/codespaces-rails/api/vendor/bundle/ruby/3.3.0/gems/bigdecimal-4.1.2/ext/bigdecimal
/usr/bin/ruby3.3 -I/usr/lib/ruby/vendor_ruby extconf.rb
checking for __builtin_clz()... yes
checking for __builtin_clzl()... yes
checking for __builtin_clzll()... yes
checking for float.h... yes
checking for math.h... yes
checking for stdbool.h... yes
checking for stdlib.h... yes
checking for x86intrin.h... yes
checking for _lzcnt_u32() in x86intrin.h... no
checking for _lzcnt_u64() in x86intrin.h... no
checking for intrin.h... no
checking for ruby/atomic.h... yes
checking for ruby/internal/has/builtin.h... yes
checking for ruby/internal/static_assert.h... yes
checking for rb_complex_real() in ruby.h... yes
checking for rb_complex_imag() in ruby.h... yes
checking for rb_opts_exception_p() in ruby.h... yes
checking for rb_category_warn() in ruby.h... yes
checking for RB_WARN_CATEGORY_DEPRECATED in ruby.h... yes
checking for RUBY_TYPED_EMBEDDABLE in ruby.h... yes
creating Makefile

current directory: /home/rintu/Downloads/codespaces-rails/api/vendor/bundle/ruby/3.3.0/gems/bigdecimal-4.1.2/ext/bigdecimal
make -j2 DESTDIR\= sitearchdir\=./.gem.20260728-117750-4fkmbf sitelibdir\=./.gem.20260728-117750-4fkmbf clean
make: Warnung: -j2 in „make“-Verarbeitungszweig erzwungen: Jobserver-Modus wird zurückgesetzt.

current directory: /home/rintu/Downloads/codespaces-rails/api/vendor/bundle/ruby/3.3.0/gems/bigdecimal-4.1.2/ext/bigdecimal
make -j2 DESTDIR\= sitearchdir\=./.gem.20260728-117750-4fkmbf sitelibdir\=./.gem.20260728-117750-4fkmbf
make: Warnung: -j2 in „make“-Verarbeitungszweig erzwungen: Jobserver-Modus wird zurückgesetzt.
compiling bigdecimal.c
compiling missing.c
linking shared-object bigdecimal.so

current directory: /home/rintu/Downloads/codespaces-rails/api/vendor/bundle/ruby/3.3.0/gems/bigdecimal-4.1.2/ext/bigdecimal
make -j2 DESTDIR\= sitearchdir\=./.gem.20260728-117750-4fkmbf sitelibdir\=./.gem.20260728-117750-4fkmbf install
make: Warnung: -j2 in „make“-Verarbeitungszweig erzwungen: Jobserver-Modus wird zurückgesetzt.
/usr/bin/install -c -m 0755 bigdecimal.so ./.gem.20260728-117750-4fkmbf

current directory: /home/rintu/Downloads/codespaces-rails/api/vendor/bundle/ruby/3.3.0/gems/bigdecimal-4.1.2/ext/bigdecimal
make DESTDIR\= sitearchdir\=./.gem.20260728-117750-4fkmbf sitelibdir\=./.gem.20260728-117750-4fkmbf clean
