current directory: /home/rintu/Downloads/codespaces-rails/api/vendor/bundle/ruby/3.3.0/gems/bootsnap-1.24.6/ext/bootsnap
/usr/bin/ruby3.3 -I/usr/lib/ruby/vendor_ruby extconf.rb
checking for fdatasync() in unistd.h... yes
checking for fstatat() in sys/stat.h... yes
checking for whether -D_GNU_SOURCE is accepted as CPPFLAGS... yes
checking for whether -O3 is accepted as CFLAGS... yes
checking for whether -std=c99 is accepted as CFLAGS... yes
creating Makefile

current directory: /home/rintu/Downloads/codespaces-rails/api/vendor/bundle/ruby/3.3.0/gems/bootsnap-1.24.6/ext/bootsnap
make -j2 DESTDIR\= sitearchdir\=./.gem.20260728-117750-3motar sitelibdir\=./.gem.20260728-117750-3motar clean
make: Warnung: -j2 in „make“-Verarbeitungszweig erzwungen: Jobserver-Modus wird zurückgesetzt.

current directory: /home/rintu/Downloads/codespaces-rails/api/vendor/bundle/ruby/3.3.0/gems/bootsnap-1.24.6/ext/bootsnap
make -j2 DESTDIR\= sitearchdir\=./.gem.20260728-117750-3motar sitelibdir\=./.gem.20260728-117750-3motar
make: Warnung: -j2 in „make“-Verarbeitungszweig erzwungen: Jobserver-Modus wird zurückgesetzt.
compiling bootsnap.c
linking shared-object bootsnap/bootsnap.so

current directory: /home/rintu/Downloads/codespaces-rails/api/vendor/bundle/ruby/3.3.0/gems/bootsnap-1.24.6/ext/bootsnap
make -j2 DESTDIR\= sitearchdir\=./.gem.20260728-117750-3motar sitelibdir\=./.gem.20260728-117750-3motar install
make: Warnung: -j2 in „make“-Verarbeitungszweig erzwungen: Jobserver-Modus wird zurückgesetzt.
/usr/bin/install -c -m 0755 bootsnap.so ./.gem.20260728-117750-3motar/bootsnap

current directory: /home/rintu/Downloads/codespaces-rails/api/vendor/bundle/ruby/3.3.0/gems/bootsnap-1.24.6/ext/bootsnap
make DESTDIR\= sitearchdir\=./.gem.20260728-117750-3motar sitelibdir\=./.gem.20260728-117750-3motar clean
